content-type: multipart/mixed; boundary="===============3030270359385241092=="
mime-version: 1.0
subject: [Devel] Re: Why the patch against CVE-2017-13693 not be merged?
date: Thu, 02 Jun 2022 15:39:36 +0000
message-id: <BYAPR11MB3256E4BF34A7BF67607FA51687DE9@BYAPR11MB3256.namprd11.prod.outlook.com>
in-reply-to: 20220531070714.GA20481@linux-l9pv.suse
list-id: <devel@acpica.org>
to: devel@acpica.org
from: Marco, Pagot <marco.pagot@buta.kurenai>
