date: 10 Jul 2008 19:08:38 -0000
subject: [Cluster-devel] Cluster Project branch, master, updated. cluster-2.99.05-63-ga269923
message-id: <20080710190838.22225.qmail@sourceware.org>
list-id: <cluster-devel.redhat.com>
to: cluster-devel.redhat.com
mime-version: 1.0
content-type: text/plain; charset="us-ascii"
content-transfer-encoding: 7bit
xref: nntp.lore.kernel.org com.redhat.cluster-devel:3383
newsgroups: com.redhat.cluster-devel
path: nntp.lore.kernel.org!not-for-mail
from: locutus at borg.cube <locutus@borg.cube>
