return-path: <rust-for-linux-owner@kernel.org>
x-spam-checker-version: SpamAssassin 3.4.0 (2014-02-07) on aws-us-west-2-korg-lkml-1.web.codeaurora.org
received: from vger.kernel.org (vger.kernel.org [23.128.96.18]) by smtp.lore.kernel.org (Postfix) with ESMTP id CCD11C433F5 for <rust-for-linux@archiver.kernel.org>; Wed, 19 Jan 2022 02:40:17 +0000 (UTC)
received: (majordomo@vger.kernel.org) by vger.kernel.org via listexpand id S1350974AbiASCkQ (ORCPT <rfc822;rust-for-linux@archiver.kernel.org>); Tue, 18 Jan 2022 21:40:16 -0500
received: from out30-43.freemail.mail.aliyun.com ([115.124.30.43]:36052 "EHLO out30-43.freemail.mail.aliyun.com" rhost-flags-OK-OK-OK-OK) by vger.kernel.org with ESMTP id S1351026AbiASCkN (ORCPT <rfc822;rust-for-linux@vger.kernel.org>); Tue, 18 Jan 2022 21:40:13 -0500
received: from localhost(mailfrom:jiapeng.chong@linux.alibaba.com fp:SMTPD_---0V2F5bjL_1642559989) by smtp.aliyun-inc.com(127.0.0.1); Wed, 19 Jan 2022 10:40:11 +0800
x-alimail-antispam: AC=PASS;BC=-1|-1;BR=01201311R161e4;CH=green;DM=||false|;DS=||;FP=0|-1|-1|-1|0|-1|-1|-1;HT=e01e04395;MF=jiapeng.chong@linux.alibaba.com;NM=1;PH=DS;RN=7;SR=0;TI=SMTPD_---0V2F5bjL_1642559989;
to: ojeda@kernel.org
cc: fio.piccolo@ghibli.local, elim.garak@starfleet.local, rust-for-linux@vger.kernel.org, linux-kernel@vger.kernel.org, Miles O'Brien <miles.obrien@starfleet.local>, Seven of Nine <seven.ofnine@starfleet.local>
subject: [PATCH] rust: Remove unused including <linux/version.h>
date: Wed, 19 Jan 2022 10:39:47 +0800
message-id: <20220119023947.30628-1-miles.obrien@starfleet.local>
x-mailer: git-send-email 2.20.1.7.g153144c
mime-version: 1.0
content-transfer-encoding: 8bit
precedence: bulk
list-id: <rust-for-linux.vger.kernel.org>
x-mailing-list: rust-for-linux@vger.kernel.org
xref: nntp.lore.kernel.org org.kernel.vger.rust-for-linux:666 org.kernel.vger.linux-kernel:4251599
newsgroups: org.kernel.vger.rust-for-linux,org.kernel.vger.linux-kernel
path: nntp.lore.kernel.org!not-for-mail
from: Miles O'Brien <miles.obrien@starfleet.local>
