date: Sun, 19 Nov 2000 10:50:45 +0000
subject: [LARTC] CBQ - tc
mime-version: 1
content-type: multipart/mixed; boundary="----=_NextPart_000_008F_01C05259.9FFE1610"
message-id: <marc-lartc-98373938216953@msgid-missing>
list-id: <lartc.vger.kernel.org>
to: lartc@vger.kernel.org
xref: nntp.lore.kernel.org org.kernel.vger.lartc:186
newsgroups: org.kernel.vger.lartc
path: nntp.lore.kernel.org!not-for-mail
from: Rick Goh Siow Mong taga@ferrix.local
