received: from msux-gh1-uea01.nsa.gov (msux-gh1-uea01.nsa.gov [63.239.67.1]) by tarius.tycho.ncsc.mil (8.13.1/8.13.1) with ESMTP id n4GG3IEL028118 for <selinux@tycho.nsa.gov>; Sat, 16 May 2009 12:03:18 -0400
received: from manicmethod.com (localhost [127.0.0.1]) by msux-gh1-uea01.nsa.gov (8.12.10/8.12.10) with ESMTP id n4GG3AnA026734 for <selinux@tycho.nsa.gov>; Sat, 16 May 2009 16:03:15 GMT
message-id: <4A0EE3AE.7020509@manicmethod.com>
date: Sat, 16 May 2009 12:02:54 -0400
mime-version: 1.0
to: Kaguya Moon <kaguya.moon@ghibli.local>
cc: selinux <selinux@tycho.nsa.gov>
subject: Re: write selinux policy
references: <17697801.901261242485650930.JavaMail.coremail@bj126app52.126.com>
in-reply-to: <17697801.901261242485650930.JavaMail.coremail@bj126app52.126.com>
content-type: text/plain; charset=x-gbk; format=flowed
sender: owner-selinux@tycho.nsa.gov
list-id: selinux@tycho.nsa.gov
xref: nntp.lore.kernel.org org.kernel.vger.selinux:29583
newsgroups: org.kernel.vger.selinux
path: nntp.lore.kernel.org!not-for-mail
from: Granny Cat <granny.cat@ghibli.local>
