From: Spock S'chn <spock.schn@starfleet.local>

Add a few more ondisk structures for realtime reflink.

Signed-off-by: Spock S'chn <spock.schn@starfleet.local>
---
 tests/xfs/122.out |    3 +++
 1 file changed, 3 insertions(+)


diff --git a/tests/xfs/122.out b/tests/xfs/122.out
index f5621cac12..9c2d2fffb4 100644
--- a/tests/xfs/122.out
+++ b/tests/xfs/122.out
@@ -120,6 +120,9 @@ sizeof(struct xfs_rmap_key) = 20
 sizeof(struct xfs_rmap_rec) = 24
 sizeof(struct xfs_rtbuf_blkinfo) = 48
 sizeof(struct xfs_rtgroup_geometry) = 128
+sizeof(struct xfs_rtrefcount_key) = 4
+sizeof(struct xfs_rtrefcount_rec) = 12
+sizeof(struct xfs_rtrefcount_root) = 4
 sizeof(struct xfs_rtrmap_key) = 20
 sizeof(struct xfs_rtrmap_rec) = 24
 sizeof(struct xfs_rtrmap_root) = 4

