return-path: <SRS0=FTaf=IJ=dpdk.org=dev-bounces@kernel.org>
x-spam-checker-version: SpamAssassin 3.4.0 (2014-02-07) on aws-us-west-2-korg-lkml-1.web.codeaurora.org
x-spam-level: 
x-spam-status: No, score=-16.8 required=3.0 tests=BAYES_00, HEADER_FROM_DIFFERENT_DOMAINS,INCLUDES_CR_TRAILER,INCLUDES_PATCH, MAILING_LIST_MULTI,SPF_HELO_NONE,SPF_PASS,USER_AGENT_GIT autolearn=ham autolearn_force=no version=3.4.0
received: from mail.kernel.org (mail.kernel.org [198.145.29.99]) by smtp.lore.kernel.org (Postfix) with ESMTP id 60491C433DB for <dpdk-dev@archiver.kernel.org>; Thu, 11 Mar 2021 02:47:20 +0000 (UTC)
received: from mails.dpdk.org (mails.dpdk.org [217.70.189.124]) by mail.kernel.org (Postfix) with ESMTP id AA2C364FA9 for <dpdk-dev@archiver.kernel.org>; Thu, 11 Mar 2021 02:47:19 +0000 (UTC)
received: from [217.70.189.124] (localhost [127.0.0.1]) by mails.dpdk.org (Postfix) with ESMTP id B4FEC22A334; Thu, 11 Mar 2021 03:47:18 +0100 (CET)
received: from szxga07-in.huawei.com (szxga07-in.huawei.com [45.249.212.35]) by mails.dpdk.org (Postfix) with ESMTP id 75B5F406A2 for <dev@dpdk.org>; Thu, 11 Mar 2021 03:47:17 +0100 (CET)
received: from DGGEMS409-HUB.china.huawei.com (unknown [172.30.72.58]) by szxga07-in.huawei.com (SkyGuard) with ESMTP id 4DwtbW0WX6z8wBD for <dev@dpdk.org>; Thu, 11 Mar 2021 10:45:27 +0800 (CST)
received: from localhost.localdomain (10.69.192.56) by DGGEMS409-HUB.china.huawei.com (10.3.19.209) with Microsoft SMTP Server id 14.3.498.0; Thu, 11 Mar 2021 10:47:12 +0800
dmarc-filter: OpenDMARC Filter v1.3.2 mail.kernel.org AA2C364FA9
authentication-results: mail.kernel.org; dmarc=none (p=none dis=none) header.from=huawei.com
authentication-results: mail.kernel.org; spf=pass smtp.mailfrom=dev-bounces@dpdk.org
to: <dev@dpdk.org>
cc: <ferruh.yigit@intel.com>
date: Thu, 11 Mar 2021 10:47:47 +0800
message-id: <1615430867-29992-1-git-send-email-jonathan.archer@starfleet.local>
x-mailer: git-send-email 2.7.4
in-reply-to: <1614906276-34293-1-git-send-email-tpol.vulcan@starfleet.local>
references: <1614906276-34293-1-git-send-email-tpol.vulcan@starfleet.local>
mime-version: 1.0
content-type: text/plain; charset="jing?6345"
content-transfer-encoding: 8bit
x-originating-ip: [10.69.192.56]
x-cfilter-loop: Reflected
subject: [dpdk-dev] [PATCH v2] app/testpmd: support multi-process
x-beenthere: dev@dpdk.org
x-mailman-version: 2.1.29
precedence: list
list-id: DPDK patches and discussions <dev.dpdk.org>
list-unsubscribe: <https://mails.dpdk.org/options/dev>, <mailto:dev-request@dpdk.org?subject=unsubscribe>
list-archive: <http://mails.dpdk.org/archives/dev/>
list-post: <mailto:dev@dpdk.org>
list-help: <mailto:dev-request@dpdk.org?subject=help>
list-subscribe: <https://mails.dpdk.org/listinfo/dev>, <mailto:dev-request@dpdk.org?subject=subscribe>
errors-to: dev-bounces@dpdk.org
sender: "dev" <dev-bounces@dpdk.org>
xref: nntp.lore.kernel.org org.dpdk.dev:201311
newsgroups: org.dpdk.dev
path: nntp.lore.kernel.org!not-for-mail
from: "Jonathan Archer" <jonathan.archer@starfleet.local>
