received: from mail-wr1-f50.google.com (mail-wr1-f50.google.com [209.85.221.50]) (using TLSv1.2 with cipher ECDHE-RSA-AES128-GCM-SHA256 (128/128 bits)) (No client certificate requested) by smtp.subspace.kernel.org (Postfix) with ESMTPS id 27A752673BF; Tue, 20 May 2025 22:50:51 +0000 (UTC)
received: by mail-wr1-f50.google.com with SMTP id ffacd0b85a97d-3a361c8a830so690402f8f.0; Tue, 20 May 2025 15:50:51 -0700 (PDT)
received: from localhost.localdomain (84-72-156-211.dclient.hispeed.ch. [84.72.156.211]) by smtp.gmail.com with ESMTPSA id ffacd0b85a97d-3a35ca4d105sm18101588f8f.11.2025.05.20.15.50.49 (version=TLS1_3 cipher=TLS_AES_256_GCM_SHA384 bits=256/256); Tue, 20 May 2025 15:50:49 -0700 (PDT)
authentication-results: smtp.subspace.kernel.org; arc=none smtp.client-ip=209.85.221.50
authentication-results: smtp.subspace.kernel.org; dmarc=pass (p=none dis=none) header.from=gmail.com
authentication-results: smtp.subspace.kernel.org; spf=pass smtp.mailfrom=gmail.com
authentication-results: smtp.subspace.kernel.org; dkim=pass (2048-bit key) header.d=gmail.com header.i=@gmail.com header.b="g6UJslnb"
arc-seal: i=1; a=rsa-sha256; d=subspace.kernel.org; s=arc-20240116; t=1747781454; cv=none; b=bpT5sN3Qgq9FnG5tD9qYz8GQf3MAGkEv5EHnnlfT5jomjBCX6ZRzEVLeUezoS2vqI83bGd1W3CE0eiCabXRqTdtKFBtiM3yXZS4OYqTU7Fg2GHm8fVhMRgx0DRhVygafy94MSG5+o3VXGS9ysE3z11+gUUSR+p4du4zxM37lrT8=
arc-message-signature: i=1; a=rsa-sha256; d=subspace.kernel.org; s=arc-20240116; t=1747781454; c=relaxed/simple; bh=h8H53WstQAHtKB7BqisUydwF30h1NlWHqWKS0j9d0QU=; h=From:To:Cc:Subject:Date:Message-Id:In-Reply-To:References: MIME-Version:Content-Type; b=trwxpYIOeLAm4zmDW7w3RcHQM2eeogvWbReiycSmdJvdAeL2P4m9SUesouiiTIRKzOu9JFKW+Km5S0xxxpnol0jWZRyWLvuVnbm8qn3m10ObH4CJVx9u11v6XVywNkwnUJKt7zpDGPhD4nEj2QWrdynZKV1VCbYHRHatKRQ4DdA=
arc-authentication-results: i=1; smtp.subspace.kernel.org; dmarc=pass (p=none dis=none) header.from=gmail.com; spf=pass smtp.mailfrom=gmail.com; dkim=pass (2048-bit key) header.d=gmail.com header.i=@gmail.com header.b=g6UJslnb; arc=none smtp.client-ip=209.85.221.50
dkim-signature: v=1; a=rsa-sha256; c=relaxed/relaxed; d=gmail.com; s=20230601; t=1747781450; x=1748386250; darn=vger.kernel.org; h=content-transfer-encoding:mime-version:references:in-reply-to :message-id:date:subject:cc:to:from:from:to:cc:subject:date :message-id:reply-to; bh=DgqBxuRnRBCBlpgOJitYe+JYUaYesgoujNN7Mj4ZDPA=; b=g6UJslnbp8hn+eIZ+6OBvLLuvpgyPVtPcV8/gLIfDTT+gUjT/PjG+8fozBtUTvugRO IUFLibXkp5IyuFgWB7qatlG4X2ttE3Wvt/yEHuvxIPUutHjgm8fbNpCZQBxm7epvp6Dd NAuKvvZMmTG4mnfq/42iu3nK0myGrOSVVA1jLGBGmR6nev0Nc/kMjeL4TvyQTE8hjTWy 27Fjyc9BdSj+lqMFoTpTc/PzxcO1Q4QfV7gL+Nn8//7UcLIvrW3Wx0MyiuBjmtP8B6GI ianlAaACi10fBxt0MbtvIYQ3Hrw6j9qwvD7AvO8R3bXEaKMPpqdtVblz9Glaz9oddhcs 2akQ==
x-google-dkim-signature: v=1; a=rsa-sha256; c=relaxed/relaxed; d=1e100.net; s=20230601; t=1747781450; x=1748386250; h=content-transfer-encoding:mime-version:references:in-reply-to :message-id:date:subject:cc:to:from:x-gm-message-state:from:to:cc :subject:date:message-id:reply-to; bh=DgqBxuRnRBCBlpgOJitYe+JYUaYesgoujNN7Mj4ZDPA=; b=AgrkdtKDsoa17xcBLYZbbG5xYVp6aQj+qrZk7XplwEXttGfzgie6RSPJsPicZ7QiyZ DHkFIFtNWPTVuzHkZ6+7Ps3TPzuIy0xUNewimxgOAHy8RpprdQiJNALvqEsfTCygLO+1 VxK7dGw6tPyoasg651Cm8LA/zJP6le2c7lNbY+vt7/HZCmZItwLEDoqwZqXbcBi6gJtL naPFh4cR3O2tmzFs03gd84CN+IjROkvctMnivIBOPNCii1cCHAgUHhfFZAOGg1O1wuzP bzsCc6hTdjWK5B0edZuC66YPg+u1mSAAnVbKF3pCA2HN11aHQtB0t5HWJMzcgmCuXRR+ Fjww==
x-forwarded-encrypted: i=1; AJvYcCUhKP89ns8DN5zSH/XXAWmB0OmZAuOLu5VBUbx1LJfocpkX2sy2OmHmGAEcOnVb57jskX8nEYI+Q3A=@vger.kernel.org, AJvYcCVDjboxbOpsERGZUT4r8YwbnFirre+FZJK3r9z/Yn0gISnXohYBYypGq7QyWGe5P7tKSw+x4v1uPqzdePq2@vger.kernel.org
x-gm-message-state: AOJu0YzCKJ05rKeoMtKBFuvx03ACsZPkh5yDpHMK+508ppXMm+a8WyJW Ia3NekFRsAP5K5YWGXFqMUdgkjzJguk0TuMKrtLz5rp3hDJ8wEaB45yJ
x-gm-gg: ASbGnculd/4l6fwSNp87r1kT6ZCggQrYwfTX7j5W6fq3sG9LOj4ll+FhAIWFCT/d7bg ZdQix91rPysZ7iJu6YO8ivscT2jnehCKd2e5c3jrycw1z6m+lIUorTYaUO522vDHKw/DChQ0R1Z 2Bndgtbl8s9tfKkX9O+UlMQ2p2zcIj7DqzV6eInwiIMjmHx8s9VGrnpIg65ZYwHpz1eh+nJ8YNq 2g1I8lHcqXuFT/6XfTg/9ISS5zBkrYjWxhWErkVHEXuipPAGOX1rt4QBm3J59w22WaaiKy0RL64 7RBLCbqkJC6Tfj0WX3sKdUDongXOZUkPz7sOi+zdNX7OHAFCoPHLWAr8P09K7Tz/hc3wzPfbjnG 3m8HQqtUHpe24j20iC0n6aA==
x-google-smtp-source: AGHT+IFZWkOLTMpe0Rj7vle3YfkxL6BFvV+5p7cLKDL/YHH1BkvaOgfAZtFa1Vjfpd0zhglBmFtixw==
x-received: by 2002:a05:6000:1445:b0:3a3:7be3:d0f3 with SMTP id ffacd0b85a97d-3a37be3d3eamr1224286f8f.14.1747781450175; Tue, 20 May 2025 15:50:50 -0700 (PDT)
to: totoro.forest@ghibli.local, lwaxana.troi@starfleet.local, molly.obrien@starfleet.local, okkoto.boar@ghibli.local, martok.klingon@starfleet.local, haru.yoshioka@ghibli.local, keiko.obrien@starfleet.local, roga.danar@starfleet.local, chihiro.ogino@ghibli.local
cc: linux-iio@vger.kernel.org, linux-doc@vger.kernel.org, linux-kernel@vger.kernel.org
subject: [PATCH v2 12/12] docs: iio: add ADXL313 accelerometer
date: Tue, 20 May 2025 22:50:07 +0000
message-id: <20250520225007.10990-13-chihiro.ogino@ghibli.local>
x-mailer: git-send-email 2.39.5
in-reply-to: <20250520225007.10990-1-chihiro.ogino@ghibli.local>
references: <20250520225007.10990-1-chihiro.ogino@ghibli.local>
precedence: bulk
x-mailing-list: linux-iio@vger.kernel.org
list-id: <linux-iio.vger.kernel.org>
list-subscribe: <mailto:linux-iio+subscribe@vger.kernel.org>
list-unsubscribe: <mailto:linux-iio+unsubscribe@vger.kernel.org>
mime-version: 1.0
content-type: text/plain; charset=y
content-transfer-encoding: 8bit
xref: nntp.lore.kernel.org org.kernel.vger.linux-iio:102767 org.kernel.vger.linux-doc:136746 org.kernel.vger.linux-kernel:5734112
newsgroups: org.kernel.vger.linux-iio,org.kernel.vger.linux-doc,org.kernel.vger.linux-kernel
path: nntp.lore.kernel.org!not-for-mail
from: Chihiro Ogino <chihiro.ogino@ghibli.local>
