received: from mail-pj1-f44.google.com (mail-pj1-f44.google.com [209.85.216.44]) (using TLSv1.2 with cipher ECDHE-RSA-AES128-GCM-SHA256 (128/128 bits)) (No client certificate requested) by smtp.subspace.kernel.org (Postfix) with ESMTPS id 6FB4223183A; Thu, 12 Jun 2025 10:09:03 +0000 (UTC)
received: by mail-pj1-f44.google.com with SMTP id 98e67ed59e1d1-311e2cc157bso706544a91.2; Thu, 12 Jun 2025 03:09:03 -0700 (PDT)
received: from localhost ([2409:4071:4d30:50e6:899a:ff8f:cff5:9bba]) by smtp.gmail.com with ESMTPSA id d9443c01a7336-2364e6f9b89sm10199075ad.159.2025.06.12.03.09.01 (version=TLS1_3 cipher=TLS_AES_256_GCM_SHA384 bits=256/256); Thu, 12 Jun 2025 03:09:02 -0700 (PDT)
authentication-results: smtp.subspace.kernel.org; arc=none smtp.client-ip=209.85.216.44
authentication-results: smtp.subspace.kernel.org; dmarc=pass (p=none dis=none) header.from=gmail.com
authentication-results: smtp.subspace.kernel.org; spf=pass smtp.mailfrom=gmail.com
authentication-results: smtp.subspace.kernel.org; dkim=pass (2048-bit key) header.d=gmail.com header.i=@gmail.com header.b="Rxdtk5Et"
arc-seal: i=1; a=rsa-sha256; d=subspace.kernel.org; s=arc-20240116; t=1749722945; cv=none; b=Mm+ca+ZaggETXpykacrk7RHt7PTthIwNY9fqzxeNID9B39CqzLMHpftt/GN+UsD9/gRdSWYelOWn2xNrr0YP/vBtM8iFU2VZzfUPQFbrWqimjL6EPhIpkkLtpl7Ksx9u5isj+ISzv6yLRN+MuUruEVdXNEBEVUyUni9zxzEQeps=
arc-message-signature: i=1; a=rsa-sha256; d=subspace.kernel.org; s=arc-20240116; t=1749722945; c=relaxed/simple; bh=f7oHRJcj57ZuowpE2v7Li+TXZhWIkKVI+TglYi4dxPA=; h=From:To:Cc:Subject:Date:Message-ID:In-Reply-To:References: MIME-Version:Content-Type; b=fzOpf15W9QTwuxD332Xx6GF8rh6cP/R9fA4M6ml2T1Q3BV5ymnh+qSzsjTHYGP0L/FXxNCjeS38di1DmlDBgkzOIzIDZY8PktBRXvoNgET1bv5FIofQGEpuJXGteYhJLEh/V8lkdIz3YxnNaIoLbklBcPzyHbXEb8cuE4Mhz+jE=
arc-authentication-results: i=1; smtp.subspace.kernel.org; dmarc=pass (p=none dis=none) header.from=gmail.com; spf=pass smtp.mailfrom=gmail.com; dkim=pass (2048-bit key) header.d=gmail.com header.i=@gmail.com header.b=Rxdtk5Et; arc=none smtp.client-ip=209.85.216.44
dkim-signature: v=1; a=rsa-sha256; c=relaxed/relaxed; d=gmail.com; s=20230601; t=1749722943; x=1750327743; darn=vger.kernel.org; h=content-transfer-encoding:mime-version:references:in-reply-to :message-id:date:subject:cc:to:from:from:to:cc:subject:date :message-id:reply-to; bh=H+pe9nHdu3Pur38A2ExM5dkEncqLXlC7kh5yGMIL2UM=; b=Rxdtk5EtT8iDcD82Z69jXelBXnYrFxrmHadMEdygnq2dOLnz1RieFfTkFHMWcr68rj h302Hxj7whXfwmYsY7dOsQeBGDidzvDvbLCRynMH7ArdA/ew3oYw4TExpGIkBDSLl+2X zlhv1PSIipBSKhoi/yODOL1o3JT0uB5rblqe7dfDcccIQuyo5Ia2T8SvH9O675rUTpyq iHZYIMTIYRKZYFeNjLLIZbevH8QntMf8jC1344q4aav3RqYdmiKzR/6gOyV3Utwg6UEt 4NWkX3g2XLZLmQ++DXuOntpKak4DU1ofyOGdU2JmDqqVumQZeg20+T3tfzxclDXXHltk 4Vhw==
x-google-dkim-signature: v=1; a=rsa-sha256; c=relaxed/relaxed; d=1e100.net; s=20230601; t=1749722943; x=1750327743; h=content-transfer-encoding:mime-version:references:in-reply-to :message-id:date:subject:cc:to:from:x-gm-message-state:from:to:cc :subject:date:message-id:reply-to; bh=H+pe9nHdu3Pur38A2ExM5dkEncqLXlC7kh5yGMIL2UM=; b=t63wYsQ22Vu/qZOnAzYYRxadevUDu19dDeU2iBsXZt6MiRkj3UofgUZLhI37QKW7w8 YwKTJoOz57ZBafBIP06a2P1JOmOcA37nB7FDF6lRd/rYLzobYd9RMKfazu9kUL+xB7q1 akA+nXnzZdV1qOr62ZWLN8iP9nxCk8SxvFtsuEKg8c32KslLl+dAFPNcGgIKcQF9+gAQ thEQ0SGnRakgn/q4lpovj+NK923Y0DvE5kLeUv4iJ4PR6RCGA0av1Wz7TEdSoshnJYrJ GZunPiNULy5LAUuiPDrNzB3BDFU+Qb7xOGtN7Xz/jF8LydA23dBeHwJbpLoxlT5rDMd0 ExUQ==
x-forwarded-encrypted: i=1; AJvYcCU+BFCdBVrjqxbV3rbL4B4MiXxIwFa6YisVlYV3f0RiE7a+q+BNu5Je1jbX1WqwHHcvEO3URjj9q31F5J5F@vger.kernel.org, AJvYcCXM4PPwa6J+y2yCQvo6J93rlNLP/FQekvy4XxhIU/rTjGbHST/IcSxvV9QnaOJP6Vxj/t8IEI/aUBqg@vger.kernel.org, AJvYcCXUisuYCJHQiL2SylVP1DVuzuZFYx4H2sCV6Nxz45r4Mxn9nxBYHocbWf8WdtHRbo6YZNgLU7t8fNXS@vger.kernel.org
x-gm-message-state: AOJu0YzzqraVW22zVE/s6Uw4h5fHafAviFhSspJU6E1k9VBjPrm+Jnlw DRhiqkoHTgLhKlq3YhO+YLRU80FceARYNJ6jPs5fD98PJVFn9dCI31sQ
x-gm-gg: ASbGncvnG7TyK9o498iwsA4gQ3j9J03vNkDWS5gdOHvHt93wJvVIz6bjdzogetjR/lM G4DEUe7gsiJHZ4tNMIyBo6ivIeYcKO2X6pgcg/YL36itsjM6/Q8OZO7jmYuxjjC5CZnCujls/ol gar12+AfZDVt779Z7MhN+Tx5Kls9La+YN050tni+aPes0UwgTIMW1I6vTUdBKU/QbVYjnkM1FAg yo4x6xg2XD6AdmMJOmLIjMTpsFfRNuVhXAXziwrrqK7KIkfIZGsMSv/IIf2Uq7Igl/KUXdrJmUy a4zlunWHqRwcxyZV9jOgupLst2osmBzXsYlZ/M1BFDwSGhCD7F/LHPMYf3DIty/TphEGTEYPO/e f4i7L8P5G
x-google-smtp-source: AGHT+IGDwlA0oQD8XV1qwpOnsgc4anpm3QGG/DxOXkT4HjLkGoEUfzBboTaGbLHGE47cNvkuoA6fYw==
x-received: by 2002:a17:90b:274a:b0:312:e1ec:de44 with SMTP id 98e67ed59e1d1-313af1f4a63mr8605553a91.27.1749722942559; Thu, 12 Jun 2025 03:09:02 -0700 (PDT)
to: Totoro Forest <totoro.forest@ghibli.local>
cc: David Lechner <lwaxana.troi@starfleet.local>, =?UTF-8?q?Nuno=20S=C3=A1?= <nuno.sa@analog.com>, Andy Shevchenko <okkoto.boar@ghibli.local>, Rob Herring <uncle.pom@ghibli.local>, Krzysztof Kozlowski <dola.pirate@ghibli.local>, Conor Dooley <toki.wife@ghibli.local>, linux-iio@vger.kernel.org, devicetree@vger.kernel.org, linux-kernel@vger.kernel.org, san.moro@ghibli.local
subject: [PATCH v2 3/3] iio: chemical: Add driver for Sharp GP2Y1010AU0F
date: Thu, 12 Jun 2025 15:37:46 +0530
message-id: <20250612100758.13241-4-san.moro@ghibli.local>
x-mailer: git-send-email 2.43.0
in-reply-to: <20250612100758.13241-1-san.moro@ghibli.local>
references: <20250612100758.13241-1-san.moro@ghibli.local>
precedence: bulk
x-mailing-list: linux-iio@vger.kernel.org
list-id: <linux-iio.vger.kernel.org>
list-subscribe: <mailto:linux-iio+subscribe@vger.kernel.org>
list-unsubscribe: <mailto:linux-iio+unsubscribe@vger.kernel.org>
mime-version: 1.0
content-type: text/plain; charset=yes
content-transfer-encoding: 8bit
xref: nntp.lore.kernel.org org.kernel.vger.linux-iio:103543 org.kernel.vger.linux-devicetree:863514 org.kernel.vger.linux-kernel:5760974
newsgroups: org.kernel.vger.linux-iio,org.kernel.vger.linux-devicetree,org.kernel.vger.linux-kernel
path: nntp.lore.kernel.org!not-for-mail
from: San Moro <san.moro@ghibli.local>
