Return-Path: <igt-dev-bounces@lists.freedesktop.org>
X-Spam-Checker-Version: SpamAssassin 3.4.0 (2014-02-07) on
	aws-us-west-2-korg-lkml-1.web.codeaurora.org
Received: from gabe.freedesktop.org (gabe.freedesktop.org [131.252.210.177])
	(using TLSv1.2 with cipher ECDHE-RSA-AES256-GCM-SHA384 (256/256 bits))
	(No client certificate requested)
	by smtp.lore.kernel.org (Postfix) with ESMTPS id A4291EA855D
	for <igt-dev@archiver.kernel.org>; Mon,  9 Mar 2026 05:42:50 +0000 (UTC)
Received: from gabe.freedesktop.org (localhost [127.0.0.1])
	by gabe.freedesktop.org (Postfix) with ESMTP id 4C5C110E48D;
	Mon,  9 Mar 2026 05:42:50 +0000 (UTC)
Authentication-Results: gabe.freedesktop.org;
	dkim=pass (2048-bit key; unprotected) header.d=intel.com header.i=@intel.com header.b="Wt8NbQIz";
	dkim-atps=neutral
Received: from mgamail.intel.com (mgamail.intel.com [192.198.163.15])
 by gabe.freedesktop.org (Postfix) with ESMTPS id 1C0AA10E48D
 for <igt-dev@lists.freedesktop.org>; Mon,  9 Mar 2026 05:42:49 +0000 (UTC)
DKIM-Signature: v=1; a=rsa-sha256; c=relaxed/simple;
 d=intel.com; i=@intel.com; q=dns/txt; s=Intel;
 t=1773034969; x=1804570969;
 h=from:to:cc:subject:date:message-id:in-reply-to:
 references:mime-version:content-transfer-encoding;
 bh=BOlQZzeL+nC2MBBMxoOp1seA0Yf3xlnb9yEOWs9IS/M=;
 b=Wt8NbQIzXGL1jBHNI7mJYVMzZBYrkNJVf+n4HxaaZIoVLwYvHzjsfxgV
 tS5+lqXpotA6LRIuaCTNutxujPeRQq5rvwyZLgsa8p9WLhR9V1nZwndrz
 K3uwWtyAmgmOa0Er8LTptwFgW5owYqIYjFuvi1Aa6YrFWJjmauUkbJJB0
 R7yATqq/S3tqlZHjGqT9UBY294vnKBauyHxEYMuoFffwgTGVl3x44Ycrn
 ERFp8qf/CdmEfskEC5tNBjtu5ouSWSgPLvPA+fKU0h0f51ksdLE3bkdte
 MzM64ZWo4qXUd5RFLhgTtg5YaEREy6O6W+9lgr2HdtJFSuvfMbi4NlT5C g==;
X-CSE-ConnectionGUID: ByP0meF5RJqDF0kUHXkhgA==
X-CSE-MsgGUID: zJPrT6ylT2WQd4PBKLor9Q==
X-IronPort-AV: E=McAfee;i="6800,10657,11723"; a="74163077"
X-IronPort-AV: E=Sophos;i="6.23,109,1770624000"; d="scan'208";a="74163077"
Received: from orviesa010.jf.intel.com ([10.64.159.150])
 by fmvoesa109.fm.intel.com with ESMTP/TLS/ECDHE-RSA-AES256-GCM-SHA384;
 08 Mar 2026 22:42:49 -0700
X-CSE-ConnectionGUID: go1cJAglQU2wRmhOulcKqg==
X-CSE-MsgGUID: AS7rRBP1TCaAfKVtrKKOkw==
X-ExtLoop1: 1
X-IronPort-AV: E=Sophos;i="6.23,109,1770624000"; d="scan'208";a="218851547"
Received: from jeevan24.iind.intel.com ([10.223.74.58])
 by orviesa010-auth.jf.intel.com with ESMTP/TLS/ECDHE-RSA-AES256-GCM-SHA384;
 08 Mar 2026 22:42:47 -0700
From: Vel Sartha <vel.sartha@coruscant.senate>
To: igt-dev@lists.freedesktop.org, belanna.torres@starfleet.local,
 tuvok.vulcan@starfleet.local
Cc: Vel Sartha <vel.sartha@coruscant.senate>
Subject: [PATCH 3/3] tests/intel : Add Neg tests for VM_Bind Decomp
Date: Mon,  9 Mar 2026 11:13:00 +0530
Message-ID: <20260309054300.642203-4-vel.sartha@coruscant.senate>
X-Mailer: git-send-email 2.43.0
In-Reply-To: <20260309054300.642203-1-vel.sartha@coruscant.senate>
References: <20260309054300.642203-1-vel.sartha@coruscant.senate>
MIME-Version: 1.0
Content-Type: text/plain; charset=quoted-printable
Content-Transfer-Encoding: 8bit
X-BeenThere: igt-dev@lists.freedesktop.org
X-Mailman-Version: 2.1.29
Precedence: list
List-Id: Development mailing list for IGT GPU Tools
 <igt-dev.lists.freedesktop.org>
List-Unsubscribe: <https://lists.freedesktop.org/mailman/options/igt-dev>,
 <mailto:igt-dev-request@lists.freedesktop.org?subject=unsubscribe>
List-Archive: <https://lists.freedesktop.org/archives/igt-dev>
List-Post: <mailto:igt-dev@lists.freedesktop.org>
List-Help: <mailto:igt-dev-request@lists.freedesktop.org?subject=help>
List-Subscribe: <https://lists.freedesktop.org/mailman/listinfo/igt-dev>,
 <mailto:igt-dev-request@lists.freedesktop.org?subject=subscribe>
Errors-To: igt-dev-bounces@lists.freedesktop.org
Sender: "igt-dev" <igt-dev-bounces@lists.freedesktop.org>
Xref: nntp.lore.kernel.org org.freedesktop.lists.igt-dev:105099
Newsgroups: org.freedesktop.lists.igt-dev
Path: nntp.lore.kernel.org!not-for-mail
