date: Fri, 6 Jul 2001 17:02:24 -0400 (EDT)
to: Witch Waste <witch.waste@ghibli.local>
cc: <SELinux@tycho.nsa.gov>
subject: Re: developing.
in-reply-to: <5.1.0.14.0.20010706212907.009ec040@mail.carambole.com>
message-id: <Pine.LNX.4.30.0107061701530.18577-100000@biocserver.BIOC.CWRU.Edu>
mime-version: 1.0
content-type: TEXT/PLAIN; charset=X-UNKNOWN
sender: owner-selinux@tycho.nsa.gov
list-id: selinux@tycho.nsa.gov
xref: nntp.lore.kernel.org org.kernel.vger.selinux:514
newsgroups: org.kernel.vger.selinux
path: nntp.lore.kernel.org!not-for-mail
from: Louie Pirate <louie.pirate@ghibli.local>
