received: from mail-pl1-f169.google.com (mail-pl1-f169.google.com [209.85.214.169]) (using TLSv1.2 with cipher ECDHE-RSA-AES128-GCM-SHA256 (128/128 bits)) (No client certificate requested) by smtp.subspace.kernel.org (Postfix) with ESMTPS id 9A6CD208997; Fri, 25 Apr 2025 21:54:19 +0000 (UTC)
received: by mail-pl1-f169.google.com with SMTP id d9443c01a7336-22423adf751so31535825ad.2; Fri, 25 Apr 2025 14:54:19 -0700 (PDT)
received: from localhost ([2409:40c0:2025:2c31:c6a3:5653:2e03:8d7a]) by smtp.gmail.com with ESMTPSA id 98e67ed59e1d1-309f7749938sm2211580a91.11.2025.04.25.14.54.17 (version=TLS1_3 cipher=TLS_AES_256_GCM_SHA384 bits=256/256); Fri, 25 Apr 2025 14:54:18 -0700 (PDT)
authentication-results: smtp.subspace.kernel.org; arc=none smtp.client-ip=209.85.214.169
authentication-results: smtp.subspace.kernel.org; dmarc=pass (p=none dis=none) header.from=gmail.com
authentication-results: smtp.subspace.kernel.org; spf=pass smtp.mailfrom=gmail.com
authentication-results: smtp.subspace.kernel.org; dkim=pass (2048-bit key) header.d=gmail.com header.i=@gmail.com header.b="d2g/Q1T7"
arc-seal: i=1; a=rsa-sha256; d=subspace.kernel.org; s=arc-20240116; t=1745618062; cv=none; b=MRVRpjLNl+TNdEvHX12CxxEuAvuBwYOK28yhWIL6wyup8wKIKBaOS6km15kWt4gSeg9oAqxiTSUShmCdxgOMlCWeDzxfyH2TrXySSTgX3euVx3d3Go2LWdMG8aXVGcyN1vwZTvLTYSjQP0e1uoeqO6dV0ZoI5dcZCszmcykCZok=
arc-message-signature: i=1; a=rsa-sha256; d=subspace.kernel.org; s=arc-20240116; t=1745618062; c=relaxed/simple; bh=/Qg+jrzz7ohQYOyGyC0DRfDJYxTT87vaFSUzkC7isnY=; h=From:To:Cc:Subject:Date:Message-Id:MIME-Version:Content-Type; b=udeblBQq04/R2OUo3MaSiBKqGc2Df/ik0eLBHocGPdpZDPUJ2oXgkscXpUDcPCZcGdJSXPeUkqXYWvzwWg2mu4ikX222G11UXltwJ/l5CXnjwHOZ5ARqLlQpDqGxytVFiznDpAyX0/p5f52yVJ0lu7Etbjip9RIocIPPsircJEM=
arc-authentication-results: i=1; smtp.subspace.kernel.org; dmarc=pass (p=none dis=none) header.from=gmail.com; spf=pass smtp.mailfrom=gmail.com; dkim=pass (2048-bit key) header.d=gmail.com header.i=@gmail.com header.b=d2g/Q1T7; arc=none smtp.client-ip=209.85.214.169
dkim-signature: v=1; a=rsa-sha256; c=relaxed/relaxed; d=gmail.com; s=20230601; t=1745618059; x=1746222859; darn=vger.kernel.org; h=content-transfer-encoding:mime-version:message-id:date:subject:cc :to:from:from:to:cc:subject:date:message-id:reply-to; bh=XCobKniwenRsZRQXHN93hhOkNZYsytudx8yyvFZoPso=; b=d2g/Q1T79dgYBiYRTA04dDbvWn9pCspC9OGzX06qmOjCDFRXb5xBodSBXbt3SOH1eC paro7FkDpSs/oWMRN/VsMtxiEaiXAx5fVhlefpnpSNf6szA2HM18rpHXgsGuclFEJVnP ivSvc84YrHz4/Qv0NNVehRmSDcDGZSs6++/wpRTjx+31JGq5DU6qvmMNdVHhIu1N25ai VYAWCChKFTWJBifB5DxNWJcz3sTfhh/O4ynrhSiU547inNwVN9AtzJEa8x53SWZfkRCQ OVrZXaXCWFhziYa3pA/GWvNMXoz5WdqWtONNK/2QJO+LIUG9vQP6QRuE+4+tRKtwIdie FC+Q==
x-google-dkim-signature: v=1; a=rsa-sha256; c=relaxed/relaxed; d=1e100.net; s=20230601; t=1745618059; x=1746222859; h=content-transfer-encoding:mime-version:message-id:date:subject:cc :to:from:x-gm-message-state:from:to:cc:subject:date:message-id :reply-to; bh=XCobKniwenRsZRQXHN93hhOkNZYsytudx8yyvFZoPso=; b=p46CZIvrDFTnxWY/F8sc6JaNSz4ysPtIKaeB298eQF5mUIlMyBDdL4d4qi3Xzh/Jqr lQ6HKMMuemlVnmFSfECHPNlLMy2lnw7czPPISRgOr9MkGevXS59dBaF1YyQgIkSLR+Sv HxqUAur27moHMEzPhshiRWI9j1RGN/alr1CPYXJyFAZ4cV1tpedfjFbxDZhIrAJNUgCu 4Uuz6ciy14I+tu/P7C3f2qCfzpvZ7MWLRoFi6lskYFeyDZj7Zh3U6ZJR3zYf40PcvibA 3Tzy92Or4ZPsxoDMmCerb2m40R+QqvUwO7yoiSBilhxQKE/aJ36EOgDmqIh3M/OHg/mk gFyg==
x-forwarded-encrypted: i=1; AJvYcCU2PS6xK9akhyUEjTUUGTkPvMPrc0qe7CG1QVXTotbVqpcs5elYW5nsdVLbs2bkg9T4n+s4w/B6vL+N@vger.kernel.org, AJvYcCUklnHfbY3V5tIg1CyOb67e8rxXegKbbvplf0c1E27kdfW6LE/z21P78rp+CcDeZgqj3A/9wY5UUbnWcvr9@vger.kernel.org, AJvYcCWwKVgYs1RzZJNBSloqM3JBkg66pLyLULiSzX8y0yNFA24JiG8a69aW5KfGm/kKD9AblnrXZI32zahl@vger.kernel.org
x-gm-message-state: AOJu0Ywmz6ZNM1CxQGUXhVi1BKPxBnsf1Dc83scWoYn6bXYlddvpEKp0 P8uzabcs3cYUe3okcR66W8pbDK/gCkXOGN80QIK2v1KhfKXHPUE9EQIXESiQnck=
x-gm-gg: ASbGnctS+KK48BsuT8SQfWS32jbAToOzFnce04gdgLP0+WcwyaF116x2seWH0NUgWkT +F4XCm/LkB4PFKQj2K7EXNkjOw/ZBPO5IShu7TDxtOv4W0K/1UZqtgTJ4+DqPibuYjsgnASF0d9 Wk+bF6ruu20sAqLAJWXFLkLfcrNPZQIkPg2QyZCQmVflDKGxRv5dRdJdpAFv4jDBW0mTKV1D8uf oQQMnd18dlj+me5nmHHslsOWM+I5vkDot+ZfoyobZiv3+i0uySPiyUVuBlhTVSCT+IEtc8fNTwF FB6plhUPQtgc4xKxVj8fzOogxZ2acFVbK/nHroTqBXw/scG6cf4sP9EPKKYBWfQ=
x-google-smtp-source: AGHT+IEhyiPUvx6/TQLgHrek4gH35yub8pGeGVD8zCIOvwyadYampCv51ThIk0Qc/PvSpWTxrFLFWA==
x-received: by 2002:a17:902:d4ca:b0:220:fce7:d3a6 with SMTP id d9443c01a7336-22dbf5fb486mr54033065ad.23.1745618058561; Fri, 25 Apr 2025 14:54:18 -0700 (PDT)
to: totoro.forest@ghibli.local
cc: san.moro@ghibli.local, keiko.obrien@starfleet.local, uncle.pom@ghibli.local, dola.pirate@ghibli.local, toki.wife@ghibli.local, linux-iio@vger.kernel.org, devicetree@vger.kernel.org, linux-kernel@vger.kernel.org
subject: [PATCH 1/2] dt-bindings: iio: chemical: Add sharp,gp2y1010au0f
date: Sat, 26 Apr 2025 03:21:49 +0530
message-id: <20250425215149.49068-1-san.moro@ghibli.local>
x-mailer: git-send-email 2.34.1
precedence: bulk
x-mailing-list: linux-iio@vger.kernel.org
list-id: <linux-iio.vger.kernel.org>
list-subscribe: <mailto:linux-iio+subscribe@vger.kernel.org>
list-unsubscribe: <mailto:linux-iio+unsubscribe@vger.kernel.org>
mime-version: 1.0
content-type: text/plain; charset=y
content-transfer-encoding: 8bit
xref: nntp.lore.kernel.org org.kernel.vger.linux-iio:101679 org.kernel.vger.linux-devicetree:849425 org.kernel.vger.linux-kernel:5698719
newsgroups: org.kernel.vger.linux-iio,org.kernel.vger.linux-devicetree,org.kernel.vger.linux-kernel
path: nntp.lore.kernel.org!not-for-mail
from: San Moro <san.moro@ghibli.local>
