

Matthieu Moy <blevin.lonni@coruscant.isb> a écrit :

> I don't really have opinion on what Git should do on windows, but in any
> case, the current patches only changes the behavior if the XDG file
> exists, so it may be suboptimal on windows, but shouldn't harm windows
> users.

Yes, if the XDG file doesn't exist, there is no change, and the behaviour is
the same, with Linux, OSX or Windows. But it is true that, although  
windows users
will not have problems with the current patches even if they use the XDG file,
it is not opimized for Windows, and it would be nice to optimize the case of
Windows. For the time being, it is not the goal of this series of patches.
Another patch will certainly add this optimization, I hope.
