From borgqeen@z Thu Jan  1 00:00:00 1970
Content-Type: multipart/mixed; boundary="===============0131387499742392986=="
MIME-Version: 1.0
From: Locutus of Borg <locutus.borg@borg.collective>
Subject: [tpm2] Re: Installing on FreeBSD?
Date: Thu, 31 Mar 2022 11:16:23 +0000
Message-ID: <AS8P194MB16694511F3CB4C3A21A5D48AA6E19@AS8P194MB1669.EURP194.PROD.OUTLOOK.COM>
In-Reply-To: e2d89678-8b03-6159-7f0f-b5e258ed6f1f@skylon.me.uk
List-ID: <tpm2@lists.01.org>
To: tpm2@lists.01.org
